app/api/stripe/create-checkout-session/route.ts(52,22): error TS2339: Property 'stripe_price_id' does not exist on type '{ id: any; name: any; stripe_price_id: any; }[]'.
app/api/stripe/create-checkout-session/route.ts(54,28): error TS2339: Property 'stripe_price_id' does not exist on type '{ id: any; name: any; stripe_price_id: any; }[]'.
app/api/stripe/webhook/route.ts(95,35): error TS2339: Property 'shipping_details' does not exist on type 'Session'.
app/api/stripe/webhook/route.ts(97,23): error TS2339: Property 'shipping_details' does not exist on type 'Session'.
app/api/stripe/webhook/route.ts(98,24): error TS2339: Property 'shipping_details' does not exist on type 'Session'.
app/api/stripe/webhook/route.ts(99,24): error TS2339: Property 'shipping_details' does not exist on type 'Session'.
app/api/stripe/webhook/route.ts(100,23): error TS2339: Property 'shipping_details' does not exist on type 'Session'.
app/api/stripe/webhook/route.ts(101,24): error TS2339: Property 'shipping_details' does not exist on type 'Session'.
app/api/stripe/webhook/route.ts(102,30): error TS2339: Property 'shipping_details' does not exist on type 'Session'.
app/api/stripe/webhook/route.ts(103,26): error TS2339: Property 'shipping_details' does not exist on type 'Session'.
lib/stripe.ts(10,3): error TS2322: Type '"2024-11-20.acacia"' is not assignable to type '"2025-11-17.clover"'.
lib/stripe.ts(98,30): error TS2339: Property 'coupon' does not exist on type 'PromotionCode'.
lib/stripe.ts(138,21): error TS2339: Property 'coupon' does not exist on type 'PromotionCode'.
lib/stripe.ts(139,30): error TS2339: Property 'coupon' does not exist on type 'PromotionCode'.
lib/stripe.ts(139,58): error TS2339: Property 'coupon' does not exist on type 'PromotionCode'.
lib/stripe.ts(140,29): error TS2339: Property 'coupon' does not exist on type 'PromotionCode'.
lib/stripe.ts(140,58): error TS2339: Property 'coupon' does not exist on type 'PromotionCode'.
lib/stripe.ts(141,15): error TS2339: Property 'coupon' does not exist on type 'PromotionCode'.
